[multim-html.vercel.app/restrurant/index.html]
[backblue.gif]
[fade.gif]
[index.html]
[multim-html.vercel.app/assets/css/plugins/fontawesome.min.css]
[multim-html.vercel.app/assets/css/plugins/bootstrap.min.css]
[multim-html.vercel.app/assets/css/plugins/lightgallery.min.css]
[multim-html.vercel.app/assets/css/plugins/slick.css]
[multim-html.vercel.app/assets/css/plugins/select2.min.css]
[multim-html.vercel.app/assets/css/plugins/animate.css]
[multim-html.vercel.app/assets/css/style.css]
[multim-html.vercel.app/assets/css/theme_10.css]
[multim-html.vercel.app/restrurant/about.html]
[multim-html.vercel.app/restrurant/menu-list.html]
[multim-html.vercel.app/restrurant/menu-details.html]
[multim-html.vercel.app/restrurant/cheps.html]
[multim-html.vercel.app/restrurant/contact.html]
[multim-html.vercel.app/restrurant/gallery.html]
[multim-html.vercel.app/restrurant/checkout.html]
[multim-html.vercel.app/restrurant/my-cart.html]
[multim-html.vercel.app/restrurant/empty-cart.html]
[multim-html.vercel.app/restrurant/wish-list.html]
[multim-html.vercel.app/restrurant/coming-soon.html]
[multim-html.vercel.app/restrurant/404.html]
[multim-html.vercel.app/restrurant/signin.html]
[multim-html.vercel.app/restrurant/signup.html]
[multim-html.vercel.app/assets/img/restaurent/hero/hero-img.png]
[multim-html.vercel.app/assets/img/restaurent/hero/hero-img1.png]
[multim-html.vercel.app/assets/img/restaurent/hero/hero-img2.png]
[multim-html.vercel.app/assets/img/restaurent/hero/hero-img3.png]
[multim-html.vercel.app/assets/img/restaurent/hero/hero-img4.png]
[multim-html.vercel.app/assets/img/restaurent/hero/hero-img5.png]
[multim-html.vercel.app/assets/img/restaurent/hero/hero-img6.png]
[multim-html.vercel.app/assets/img/restaurent/hero/hero-img7.png]
[multim-html.vercel.app/assets/img/restaurent/hero/hero-img8.png]
[multim-html.vercel.app/assets/img/restaurent/hero/hero-img9.png]
[multim-html.vercel.app/assets/img/restaurent/hero/hero-img10.png]
[multim-html.vercel.app/assets/img/restaurent/image-box2.png]
[multim-html.vercel.app/assets/img/restaurent/image-box1.png]
[multim-html.vercel.app/assets/img/restaurent/flying-img1.png]
[multim-html.vercel.app/assets/img/restaurent/item1.png]
[multim-html.vercel.app/assets/img/restaurent/item2.png]
[multim-html.vercel.app/assets/img/restaurent/item3.png]
[multim-html.vercel.app/assets/img/restaurent/menu-item1.png]
[multim-html.vercel.app/assets/img/restaurent/menu-item2.png]
[multim-html.vercel.app/assets/img/restaurent/menu-item3.png]
[multim-html.vercel.app/assets/img/restaurent/menu-item4.png]
[multim-html.vercel.app/assets/img/restaurent/menu-item5.png]
[multim-html.vercel.app/assets/img/restaurent/menu-item6.png]
[multim-html.vercel.app/assets/img/restaurent/gallery1_lg.jpg]
[multim-html.vercel.app/assets/img/restaurent/gallery1.jpg]
[multim-html.vercel.app/assets/img/restaurent/gallery2_lg.jpg]
[multim-html.vercel.app/assets/img/restaurent/gallery2.jpg]
[multim-html.vercel.app/assets/img/restaurent/gallery3_lg.jpg]
[multim-html.vercel.app/assets/img/restaurent/gallery3.jpg]
[multim-html.vercel.app/assets/img/restaurent/gallery4_lg.jpg]
[multim-html.vercel.app/assets/img/restaurent/gallery4.jpg]
[multim-html.vercel.app/assets/img/restaurent/gallery5_lg.jpg]
[multim-html.vercel.app/assets/img/restaurent/gallery5.jpg]
[multim-html.vercel.app/assets/img/restaurent/gallery6_lg.jpg]
[multim-html.vercel.app/assets/img/restaurent/gallery6.jpg]
[multim-html.vercel.app/assets/img/restaurent/table-booking-bg.jpg]
[multim-html.vercel.app/assets/img/restaurent/flying-img2.png]
[multim-html.vercel.app/assets/img/restaurent/flying-img3.png]
[multim-html.vercel.app/assets/img/restaurent/avatar1.jpg]
[multim-html.vercel.app/assets/img/restaurent/avatar2.jpg]
[multim-html.vercel.app/assets/img/restaurent/avatar3.jpg]
[multim-html.vercel.app/assets/img/restaurent/member1.jpg]
[multim-html.vercel.app/assets/img/restaurent/member2.jpg]
[multim-html.vercel.app/assets/img/restaurent/member3.jpg]
[multim-html.vercel.app/assets/img/restaurent/flying-img4.png]
[multim-html.vercel.app/assets/img/restaurent/flying-img5.png]
[multim-html.vercel.app/assets/js/plugins/jquery-3.6.0.min.js]
[multim-html.vercel.app/assets/js/plugins/isotope.pkg.min.js]
[multim-html.vercel.app/assets/js/plugins/jquery.slick.min.js]
[multim-html.vercel.app/assets/js/plugins/lightgallery.min.js]
[multim-html.vercel.app/assets/js/plugins/jquery.counter.min.js]
[multim-html.vercel.app/assets/js/plugins/select2.min.js]
[multim-html.vercel.app/assets/js/plugins/wow.min.js]
[multim-html.vercel.app/restrurant/index.html]
[multim-html.vercel.app/assets/css/plugins/fontawesome.min.css]
[multim-html.vercel.app/assets/css/plugins/bootstrap.min.css]
[multim-html.vercel.app/assets/js/main.js]
[multim-html.vercel.app/assets/css/img/vimeo-play.png]
[multim-html.vercel.app/assets/css/img/video-play.png]
[multim-html.vercel.app/assets/css/img/youtube-play.png]
[multim-html.vercel.app/assets/css/img/loading.gif]
[multim-html.vercel.app/assets/css/plugins/lightgallery.min.css]
[multim-html.vercel.app/assets/css/plugins/slick.css]
[multim-html.vercel.app/assets/css/plugins/select2.min.css]
[multim-html.vercel.app/assets/css/plugins/animate.css]
[multim-html.vercel.app/assets/img/drag.png]
[multim-html.vercel.app/assets/css/style.css]
[multim-html.vercel.app/assets/css/theme_10.css]
[multim-html.vercel.app/restrurant/about.html]
[multim-html.vercel.app/assets/img/restaurent/item4.png]
[multim-html.vercel.app/assets/img/restaurent/item5.png]
[multim-html.vercel.app/assets/img/restaurent/item6.png]
[multim-html.vercel.app/assets/img/restaurent/item7.png]
[multim-html.vercel.app/assets/img/restaurent/item8.png]
[multim-html.vercel.app/assets/img/restaurent/item9.png]
[multim-html.vercel.app/restrurant/menu-list.html]
[multim-html.vercel.app/assets/img/restaurent/single_product1.png]
[multim-html.vercel.app/assets/img/digital-agency/avatar2.jpg]
[multim-html.vercel.app/assets/img/digital-agency/avatar3.jpg]
[multim-html.vercel.app/restrurant/menu-details.html]
[multim-html.vercel.app/assets/img/restaurent/member4.jpg]
[multim-html.vercel.app/assets/img/restaurent/member5.jpg]
[multim-html.vercel.app/assets/img/restaurent/member6.jpg]
[multim-html.vercel.app/assets/img/restaurent/member7.jpg]
[multim-html.vercel.app/assets/img/restaurent/member8.jpg]
[multim-html.vercel.app/assets/img/restaurent/member9.jpg]
[multim-html.vercel.app/restrurant/cheps.html]
[multim-html.vercel.app/restrurant/contact.html]
[multim-html.vercel.app/restrurant/gallery.html]
[multim-html.vercel.app/restrurant/login.html]
[multim-html.vercel.app/assets/img/e-commerce/paypal.png]
[multim-html.vercel.app/restrurant/checkout.html]
[multim-html.vercel.app/restrurant/my-cart.html]
[multim-html.vercel.app/restrurant/empty-cart.html]
[multim-html.vercel.app/restrurant/wish-list.html]
[multim-html.vercel.app/restrurant/coming-soon.html]
[multim-html.vercel.app/restrurant/404.html]
[multim-html.vercel.app/assets/img/e-commerce/signin.png]
[multim-html.vercel.app/restrurant/signin.html]
[multim-html.vercel.app/restrurant/signup.html]
[multim-html.vercel.app/assets/css/img/vimeo-play.html]
[multim-html.vercel.app/assets/css/img/video-play.html]
[multim-html.vercel.app/assets/css/img/youtube-play.html]
[multim-html.vercel.app/assets/css/img/loading.html]
[multim-html.vercel.app/restrurant/login.html]
